                                      1 ;--------------------------------------------------------
                                      2 ; File Created by SDCC : free open source ANSI-C Compiler
                                      3 ; Version 4.0.0 #11528 (MINGW64)
                                      4 ;--------------------------------------------------------
                                      5 	.module timer
                                      6 	.optsdcc -mmcs51 --model-small
                                      7 	
                                      8 ;--------------------------------------------------------
                                      9 ; Public variables in this module
                                     10 ;--------------------------------------------------------
                                     11 	.globl _main
                                     12 	.globl _init
                                     13 	.globl _seg
                                     14 	.globl _timer0_ISR
                                     15 	.globl _delay
                                     16 	.globl _CY
                                     17 	.globl _AC
                                     18 	.globl _F0
                                     19 	.globl _RS1
                                     20 	.globl _RS0
                                     21 	.globl _OV
                                     22 	.globl _F1
                                     23 	.globl _P
                                     24 	.globl _PS
                                     25 	.globl _PT1
                                     26 	.globl _PX1
                                     27 	.globl _PT0
                                     28 	.globl _PX0
                                     29 	.globl _RD
                                     30 	.globl _WR
                                     31 	.globl _T1
                                     32 	.globl _T0
                                     33 	.globl _INT1
                                     34 	.globl _INT0
                                     35 	.globl _TXD
                                     36 	.globl _RXD
                                     37 	.globl _P3_7
                                     38 	.globl _P3_6
                                     39 	.globl _P3_5
                                     40 	.globl _P3_4
                                     41 	.globl _P3_3
                                     42 	.globl _P3_2
                                     43 	.globl _P3_1
                                     44 	.globl _P3_0
                                     45 	.globl _EA
                                     46 	.globl _ES
                                     47 	.globl _ET1
                                     48 	.globl _EX1
                                     49 	.globl _ET0
                                     50 	.globl _EX0
                                     51 	.globl _P2_7
                                     52 	.globl _P2_6
                                     53 	.globl _P2_5
                                     54 	.globl _P2_4
                                     55 	.globl _P2_3
                                     56 	.globl _P2_2
                                     57 	.globl _P2_1
                                     58 	.globl _P2_0
                                     59 	.globl _SM0
                                     60 	.globl _SM1
                                     61 	.globl _SM2
                                     62 	.globl _REN
                                     63 	.globl _TB8
                                     64 	.globl _RB8
                                     65 	.globl _TI
                                     66 	.globl _RI
                                     67 	.globl _P1_7
                                     68 	.globl _P1_6
                                     69 	.globl _P1_5
                                     70 	.globl _P1_4
                                     71 	.globl _P1_3
                                     72 	.globl _P1_2
                                     73 	.globl _P1_1
                                     74 	.globl _P1_0
                                     75 	.globl _TF1
                                     76 	.globl _TR1
                                     77 	.globl _TF0
                                     78 	.globl _TR0
                                     79 	.globl _IE1
                                     80 	.globl _IT1
                                     81 	.globl _IE0
                                     82 	.globl _IT0
                                     83 	.globl _P0_7
                                     84 	.globl _P0_6
                                     85 	.globl _P0_5
                                     86 	.globl _P0_4
                                     87 	.globl _P0_3
                                     88 	.globl _P0_2
                                     89 	.globl _P0_1
                                     90 	.globl _P0_0
                                     91 	.globl _B
                                     92 	.globl _ACC
                                     93 	.globl _PSW
                                     94 	.globl _IP
                                     95 	.globl _P3
                                     96 	.globl _IE
                                     97 	.globl _P2
                                     98 	.globl _SBUF
                                     99 	.globl _SCON
                                    100 	.globl _P1
                                    101 	.globl _TH1
                                    102 	.globl _TH0
                                    103 	.globl _TL1
                                    104 	.globl _TL0
                                    105 	.globl _TMOD
                                    106 	.globl _TCON
                                    107 	.globl _PCON
                                    108 	.globl _DPH
                                    109 	.globl _DPL
                                    110 	.globl _SP
                                    111 	.globl _P0
                                    112 	.globl _bInc
                                    113 ;--------------------------------------------------------
                                    114 ; special function registers
                                    115 ;--------------------------------------------------------
                                    116 	.area RSEG    (ABS,DATA)
      000000                        117 	.org 0x0000
                           000080   118 _P0	=	0x0080
                           000081   119 _SP	=	0x0081
                           000082   120 _DPL	=	0x0082
                           000083   121 _DPH	=	0x0083
                           000087   122 _PCON	=	0x0087
                           000088   123 _TCON	=	0x0088
                           000089   124 _TMOD	=	0x0089
                           00008A   125 _TL0	=	0x008a
                           00008B   126 _TL1	=	0x008b
                           00008C   127 _TH0	=	0x008c
                           00008D   128 _TH1	=	0x008d
                           000090   129 _P1	=	0x0090
                           000098   130 _SCON	=	0x0098
                           000099   131 _SBUF	=	0x0099
                           0000A0   132 _P2	=	0x00a0
                           0000A8   133 _IE	=	0x00a8
                           0000B0   134 _P3	=	0x00b0
                           0000B8   135 _IP	=	0x00b8
                           0000D0   136 _PSW	=	0x00d0
                           0000E0   137 _ACC	=	0x00e0
                           0000F0   138 _B	=	0x00f0
                                    139 ;--------------------------------------------------------
                                    140 ; special function bits
                                    141 ;--------------------------------------------------------
                                    142 	.area RSEG    (ABS,DATA)
      000000                        143 	.org 0x0000
                           000080   144 _P0_0	=	0x0080
                           000081   145 _P0_1	=	0x0081
                           000082   146 _P0_2	=	0x0082
                           000083   147 _P0_3	=	0x0083
                           000084   148 _P0_4	=	0x0084
                           000085   149 _P0_5	=	0x0085
                           000086   150 _P0_6	=	0x0086
                           000087   151 _P0_7	=	0x0087
                           000088   152 _IT0	=	0x0088
                           000089   153 _IE0	=	0x0089
                           00008A   154 _IT1	=	0x008a
                           00008B   155 _IE1	=	0x008b
                           00008C   156 _TR0	=	0x008c
                           00008D   157 _TF0	=	0x008d
                           00008E   158 _TR1	=	0x008e
                           00008F   159 _TF1	=	0x008f
                           000090   160 _P1_0	=	0x0090
                           000091   161 _P1_1	=	0x0091
                           000092   162 _P1_2	=	0x0092
                           000093   163 _P1_3	=	0x0093
                           000094   164 _P1_4	=	0x0094
                           000095   165 _P1_5	=	0x0095
                           000096   166 _P1_6	=	0x0096
                           000097   167 _P1_7	=	0x0097
                           000098   168 _RI	=	0x0098
                           000099   169 _TI	=	0x0099
                           00009A   170 _RB8	=	0x009a
                           00009B   171 _TB8	=	0x009b
                           00009C   172 _REN	=	0x009c
                           00009D   173 _SM2	=	0x009d
                           00009E   174 _SM1	=	0x009e
                           00009F   175 _SM0	=	0x009f
                           0000A0   176 _P2_0	=	0x00a0
                           0000A1   177 _P2_1	=	0x00a1
                           0000A2   178 _P2_2	=	0x00a2
                           0000A3   179 _P2_3	=	0x00a3
                           0000A4   180 _P2_4	=	0x00a4
                           0000A5   181 _P2_5	=	0x00a5
                           0000A6   182 _P2_6	=	0x00a6
                           0000A7   183 _P2_7	=	0x00a7
                           0000A8   184 _EX0	=	0x00a8
                           0000A9   185 _ET0	=	0x00a9
                           0000AA   186 _EX1	=	0x00aa
                           0000AB   187 _ET1	=	0x00ab
                           0000AC   188 _ES	=	0x00ac
                           0000AF   189 _EA	=	0x00af
                           0000B0   190 _P3_0	=	0x00b0
                           0000B1   191 _P3_1	=	0x00b1
                           0000B2   192 _P3_2	=	0x00b2
                           0000B3   193 _P3_3	=	0x00b3
                           0000B4   194 _P3_4	=	0x00b4
                           0000B5   195 _P3_5	=	0x00b5
                           0000B6   196 _P3_6	=	0x00b6
                           0000B7   197 _P3_7	=	0x00b7
                           0000B0   198 _RXD	=	0x00b0
                           0000B1   199 _TXD	=	0x00b1
                           0000B2   200 _INT0	=	0x00b2
                           0000B3   201 _INT1	=	0x00b3
                           0000B4   202 _T0	=	0x00b4
                           0000B5   203 _T1	=	0x00b5
                           0000B6   204 _WR	=	0x00b6
                           0000B7   205 _RD	=	0x00b7
                           0000B8   206 _PX0	=	0x00b8
                           0000B9   207 _PT0	=	0x00b9
                           0000BA   208 _PX1	=	0x00ba
                           0000BB   209 _PT1	=	0x00bb
                           0000BC   210 _PS	=	0x00bc
                           0000D0   211 _P	=	0x00d0
                           0000D1   212 _F1	=	0x00d1
                           0000D2   213 _OV	=	0x00d2
                           0000D3   214 _RS0	=	0x00d3
                           0000D4   215 _RS1	=	0x00d4
                           0000D5   216 _F0	=	0x00d5
                           0000D6   217 _AC	=	0x00d6
                           0000D7   218 _CY	=	0x00d7
                                    219 ;--------------------------------------------------------
                                    220 ; overlayable register banks
                                    221 ;--------------------------------------------------------
                                    222 	.area REG_BANK_0	(REL,OVR,DATA)
      000000                        223 	.ds 8
                                    224 	.area REG_BANK_1	(REL,OVR,DATA)
      000000                        225 	.ds 8
                                    226 ;--------------------------------------------------------
                                    227 ; internal ram data
                                    228 ;--------------------------------------------------------
                                    229 	.area DSEG    (DATA)
      000000                        230 _seg_s_65536_10:
      000000                        231 	.ds 3
      000003                        232 _seg_seg_65536_11:
      000003                        233 	.ds 20
      000017                        234 _main_four_65536_15:
      000017                        235 	.ds 8
                                    236 ;--------------------------------------------------------
                                    237 ; overlayable items in internal ram 
                                    238 ;--------------------------------------------------------
                                    239 	.area	OSEG    (OVR,DATA)
                                    240 ;--------------------------------------------------------
                                    241 ; Stack segment in internal ram 
                                    242 ;--------------------------------------------------------
                                    243 	.area	SSEG
      000000                        244 __start__stack:
      000000                        245 	.ds	1
                                    246 
                                    247 ;--------------------------------------------------------
                                    248 ; indirectly addressable internal ram data
                                    249 ;--------------------------------------------------------
                                    250 	.area ISEG    (DATA)
                                    251 ;--------------------------------------------------------
                                    252 ; absolute internal ram data
                                    253 ;--------------------------------------------------------
                                    254 	.area IABS    (ABS,DATA)
                                    255 	.area IABS    (ABS,DATA)
                                    256 ;--------------------------------------------------------
                                    257 ; bit data
                                    258 ;--------------------------------------------------------
                                    259 	.area BSEG    (BIT)
      000000                        260 _bInc::
      000000                        261 	.ds 1
      000001                        262 _bEven:
      000001                        263 	.ds 1
                                    264 ;--------------------------------------------------------
                                    265 ; paged external ram data
                                    266 ;--------------------------------------------------------
                                    267 	.area PSEG    (PAG,XDATA)
                                    268 ;--------------------------------------------------------
                                    269 ; external ram data
                                    270 ;--------------------------------------------------------
                                    271 	.area XSEG    (XDATA)
                                    272 ;--------------------------------------------------------
                                    273 ; absolute external ram data
                                    274 ;--------------------------------------------------------
                                    275 	.area XABS    (ABS,XDATA)
                                    276 ;--------------------------------------------------------
                                    277 ; external initialized ram data
                                    278 ;--------------------------------------------------------
                                    279 	.area XISEG   (XDATA)
                                    280 	.area HOME    (CODE)
                                    281 	.area GSINIT0 (CODE)
                                    282 	.area GSINIT1 (CODE)
                                    283 	.area GSINIT2 (CODE)
                                    284 	.area GSINIT3 (CODE)
                                    285 	.area GSINIT4 (CODE)
                                    286 	.area GSINIT5 (CODE)
                                    287 	.area GSINIT  (CODE)
                                    288 	.area GSFINAL (CODE)
                                    289 	.area CSEG    (CODE)
                                    290 ;--------------------------------------------------------
                                    291 ; interrupt vector 
                                    292 ;--------------------------------------------------------
                                    293 	.area HOME    (CODE)
      000000                        294 __interrupt_vect:
      000000 02r00r00         [24]  295 	ljmp	__sdcc_gsinit_startup
      000003 32               [24]  296 	reti
      000004                        297 	.ds	7
      00000B 02r00r2D         [24]  298 	ljmp	_timer0_ISR
                                    299 ;--------------------------------------------------------
                                    300 ; global & static initialisations
                                    301 ;--------------------------------------------------------
                                    302 	.area HOME    (CODE)
                                    303 	.area GSINIT  (CODE)
                                    304 	.area GSFINAL (CODE)
                                    305 	.area GSINIT  (CODE)
                                    306 	.globl __sdcc_gsinit_startup
                                    307 	.globl __sdcc_program_startup
                                    308 	.globl __start__stack
                                    309 	.globl __mcs51_genXINIT
                                    310 	.globl __mcs51_genXRAMCLEAR
                                    311 	.globl __mcs51_genRAMCLEAR
                                    312 ;	timer.c:4: __bit bInc = 0; //記錄起來，等離開就刪除（設為0)
                                    313 ;	assignBit
      000000 C2*00            [12]  314 	clr	_bInc
                                    315 ;	timer.c:5: static __bit bEven =1;
                                    316 ;	assignBit
      000002 D2*01            [12]  317 	setb	_bEven
                                    318 	.area GSFINAL (CODE)
      000000 02r00r0E         [24]  319 	ljmp	__sdcc_program_startup
                                    320 ;--------------------------------------------------------
                                    321 ; Home
                                    322 ;--------------------------------------------------------
                                    323 	.area HOME    (CODE)
                                    324 	.area HOME    (CODE)
      00000E                        325 __sdcc_program_startup:
      00000E 02r00rF4         [24]  326 	ljmp	_main
                                    327 ;	return from main will return to caller
                                    328 ;--------------------------------------------------------
                                    329 ; code
                                    330 ;--------------------------------------------------------
                                    331 	.area CSEG    (CODE)
                                    332 ;------------------------------------------------------------
                                    333 ;Allocation info for local variables in function 'delay'
                                    334 ;------------------------------------------------------------
                                    335 ;i                         Allocated to registers r6 r7 
                                    336 ;j                         Allocated to registers r4 r5 
                                    337 ;------------------------------------------------------------
                                    338 ;	timer.c:7: void delay(){
                                    339 ;	-----------------------------------------
                                    340 ;	 function delay
                                    341 ;	-----------------------------------------
      000000                        342 _delay:
                           000007   343 	ar7 = 0x07
                           000006   344 	ar6 = 0x06
                           000005   345 	ar5 = 0x05
                           000004   346 	ar4 = 0x04
                           000003   347 	ar3 = 0x03
                           000002   348 	ar2 = 0x02
                           000001   349 	ar1 = 0x01
                           000000   350 	ar0 = 0x00
                                    351 ;	timer.c:8: for (int i=0; i<90;i++){
      000000 7E 00            [12]  352 	mov	r6,#0x00
      000002 7F 00            [12]  353 	mov	r7,#0x00
      000004                        354 00107$:
      000004 C3               [12]  355 	clr	c
      000005 EE               [12]  356 	mov	a,r6
      000006 94 5A            [12]  357 	subb	a,#0x5a
      000008 EF               [12]  358 	mov	a,r7
      000009 64 80            [12]  359 	xrl	a,#0x80
      00000B 94 80            [12]  360 	subb	a,#0x80
      00000D 50 1D            [24]  361 	jnc	00109$
                                    362 ;	timer.c:9: for (int j=0; j<40; j++){
      00000F 7C 00            [12]  363 	mov	r4,#0x00
      000011 7D 00            [12]  364 	mov	r5,#0x00
      000013                        365 00104$:
      000013 C3               [12]  366 	clr	c
      000014 EC               [12]  367 	mov	a,r4
      000015 94 28            [12]  368 	subb	a,#0x28
      000017 ED               [12]  369 	mov	a,r5
      000018 64 80            [12]  370 	xrl	a,#0x80
      00001A 94 80            [12]  371 	subb	a,#0x80
      00001C 50 07            [24]  372 	jnc	00108$
      00001E 0C               [12]  373 	inc	r4
      00001F BC 00 F1         [24]  374 	cjne	r4,#0x00,00104$
      000022 0D               [12]  375 	inc	r5
      000023 80 EE            [24]  376 	sjmp	00104$
      000025                        377 00108$:
                                    378 ;	timer.c:8: for (int i=0; i<90;i++){
      000025 0E               [12]  379 	inc	r6
      000026 BE 00 DB         [24]  380 	cjne	r6,#0x00,00107$
      000029 0F               [12]  381 	inc	r7
      00002A 80 D8            [24]  382 	sjmp	00107$
      00002C                        383 00109$:
                                    384 ;	timer.c:12: }
      00002C 22               [24]  385 	ret
                                    386 ;------------------------------------------------------------
                                    387 ;Allocation info for local variables in function 'timer0_ISR'
                                    388 ;------------------------------------------------------------
                                    389 ;	timer.c:14: void timer0_ISR(void) __interrupt(1) __using(1){
                                    390 ;	-----------------------------------------
                                    391 ;	 function timer0_ISR
                                    392 ;	-----------------------------------------
      00002D                        393 _timer0_ISR:
                           00000F   394 	ar7 = 0x0f
                           00000E   395 	ar6 = 0x0e
                           00000D   396 	ar5 = 0x0d
                           00000C   397 	ar4 = 0x0c
                           00000B   398 	ar3 = 0x0b
                           00000A   399 	ar2 = 0x0a
                           000009   400 	ar1 = 0x09
                           000008   401 	ar0 = 0x08
                                    402 ;	timer.c:16: TH0 = period >> 8;    
      00002D 75 8C 3C         [24]  403 	mov	_TH0,#0x3c
                                    404 ;	timer.c:17: TL0 = period & 0xff; 
      000030 75 8A B0         [24]  405 	mov	_TL0,#0xb0
                                    406 ;	timer.c:19: if(bEven){
                                    407 ;	timer.c:20: bEven =0;
                                    408 ;	assignBit
      000033 10*01 02         [24]  409 	jbc	_bEven,00110$
      000036 80 04            [24]  410 	sjmp	00102$
      000038                        411 00110$:
                                    412 ;	timer.c:21: bInc =1;
                                    413 ;	assignBit
      000038 D2*00            [12]  414 	setb	_bInc
      00003A 80 02            [24]  415 	sjmp	00104$
      00003C                        416 00102$:
                                    417 ;	timer.c:23: bEven =1;
                                    418 ;	assignBit
      00003C D2*01            [12]  419 	setb	_bEven
      00003E                        420 00104$:
                                    421 ;	timer.c:25: }
      00003E 32               [24]  422 	reti
                                    423 ;	eliminated unneeded mov psw,# (no regs used in bank)
                                    424 ;	eliminated unneeded push/pop psw
                                    425 ;	eliminated unneeded push/pop dpl
                                    426 ;	eliminated unneeded push/pop dph
                                    427 ;	eliminated unneeded push/pop b
                                    428 ;	eliminated unneeded push/pop acc
                                    429 ;------------------------------------------------------------
                                    430 ;Allocation info for local variables in function 'seg'
                                    431 ;------------------------------------------------------------
                                    432 ;s                         Allocated with name '_seg_s_65536_10'
                                    433 ;seg                       Allocated with name '_seg_seg_65536_11'
                                    434 ;i                         Allocated to registers r3 r4 
                                    435 ;------------------------------------------------------------
                                    436 ;	timer.c:27: void seg(unsigned *s){
                                    437 ;	-----------------------------------------
                                    438 ;	 function seg
                                    439 ;	-----------------------------------------
      00003F                        440 _seg:
                           000007   441 	ar7 = 0x07
                           000006   442 	ar6 = 0x06
                           000005   443 	ar5 = 0x05
                           000004   444 	ar4 = 0x04
                           000003   445 	ar3 = 0x03
                           000002   446 	ar2 = 0x02
                           000001   447 	ar1 = 0x01
                           000000   448 	ar0 = 0x00
      00003F 85 82*00         [24]  449 	mov	_seg_s_65536_10,dpl
      000042 85 83*01         [24]  450 	mov	(_seg_s_65536_10 + 1),dph
      000045 85 F0*02         [24]  451 	mov	(_seg_s_65536_10 + 2),b
                                    452 ;	timer.c:28: unsigned seg[]={0xfc,0x60,0xDA,0xF2,0x66,0xB6,0x3E,0xE0,0xFE,0xF6};
      000048 75*03 FC         [24]  453 	mov	(_seg_seg_65536_11 + 0),#0xfc
      00004B 75*04 00         [24]  454 	mov	(_seg_seg_65536_11 + 1),#0x00
      00004E 75*05 60         [24]  455 	mov	((_seg_seg_65536_11 + 0x0002) + 0),#0x60
      000051 75*06 00         [24]  456 	mov	((_seg_seg_65536_11 + 0x0002) + 1),#0x00
      000054 75*07 DA         [24]  457 	mov	((_seg_seg_65536_11 + 0x0004) + 0),#0xda
      000057 75*08 00         [24]  458 	mov	((_seg_seg_65536_11 + 0x0004) + 1),#0x00
      00005A 75*09 F2         [24]  459 	mov	((_seg_seg_65536_11 + 0x0006) + 0),#0xf2
      00005D 75*0A 00         [24]  460 	mov	((_seg_seg_65536_11 + 0x0006) + 1),#0x00
      000060 75*0B 66         [24]  461 	mov	((_seg_seg_65536_11 + 0x0008) + 0),#0x66
      000063 75*0C 00         [24]  462 	mov	((_seg_seg_65536_11 + 0x0008) + 1),#0x00
      000066 75*0D B6         [24]  463 	mov	((_seg_seg_65536_11 + 0x000a) + 0),#0xb6
      000069 75*0E 00         [24]  464 	mov	((_seg_seg_65536_11 + 0x000a) + 1),#0x00
      00006C 75*0F 3E         [24]  465 	mov	((_seg_seg_65536_11 + 0x000c) + 0),#0x3e
      00006F 75*10 00         [24]  466 	mov	((_seg_seg_65536_11 + 0x000c) + 1),#0x00
      000072 75*11 E0         [24]  467 	mov	((_seg_seg_65536_11 + 0x000e) + 0),#0xe0
      000075 75*12 00         [24]  468 	mov	((_seg_seg_65536_11 + 0x000e) + 1),#0x00
      000078 75*13 FE         [24]  469 	mov	((_seg_seg_65536_11 + 0x0010) + 0),#0xfe
      00007B 75*14 00         [24]  470 	mov	((_seg_seg_65536_11 + 0x0010) + 1),#0x00
      00007E 75*15 F6         [24]  471 	mov	((_seg_seg_65536_11 + 0x0012) + 0),#0xf6
      000081 75*16 00         [24]  472 	mov	((_seg_seg_65536_11 + 0x0012) + 1),#0x00
                                    473 ;	timer.c:30: for (int i=0; i<4; i++){ 
      000084 7B 00            [12]  474 	mov	r3,#0x00
      000086 7C 00            [12]  475 	mov	r4,#0x00
      000088                        476 00103$:
      000088 C3               [12]  477 	clr	c
      000089 EB               [12]  478 	mov	a,r3
      00008A 94 04            [12]  479 	subb	a,#0x04
      00008C EC               [12]  480 	mov	a,r4
      00008D 64 80            [12]  481 	xrl	a,#0x80
      00008F 94 80            [12]  482 	subb	a,#0x80
      000091 50 50            [24]  483 	jnc	00105$
                                    484 ;	timer.c:31: P0 = ~(1<<i);
      000093 8B 02            [24]  485 	mov	ar2,r3
      000095 8A F0            [24]  486 	mov	b,r2
      000097 05 F0            [12]  487 	inc	b
      000099 74 01            [12]  488 	mov	a,#0x01
      00009B 80 02            [24]  489 	sjmp	00119$
      00009D                        490 00117$:
      00009D 25 E0            [12]  491 	add	a,acc
      00009F                        492 00119$:
      00009F D5 F0 FB         [24]  493 	djnz	b,00117$
      0000A2 F4               [12]  494 	cpl	a
      0000A3 F5 80            [12]  495 	mov	_P0,a
                                    496 ;	timer.c:32: P2 = ~(seg[s[i]]);   
      0000A5 EB               [12]  497 	mov	a,r3
      0000A6 2B               [12]  498 	add	a,r3
      0000A7 FA               [12]  499 	mov	r2,a
      0000A8 EC               [12]  500 	mov	a,r4
      0000A9 33               [12]  501 	rlc	a
      0000AA FF               [12]  502 	mov	r7,a
      0000AB EA               [12]  503 	mov	a,r2
      0000AC 25*00            [12]  504 	add	a,_seg_s_65536_10
      0000AE FA               [12]  505 	mov	r2,a
      0000AF EF               [12]  506 	mov	a,r7
      0000B0 35*01            [12]  507 	addc	a,(_seg_s_65536_10 + 1)
      0000B2 FF               [12]  508 	mov	r7,a
      0000B3 AE*02            [24]  509 	mov	r6,(_seg_s_65536_10 + 2)
      0000B5 8A 82            [24]  510 	mov	dpl,r2
      0000B7 8F 83            [24]  511 	mov	dph,r7
      0000B9 8E F0            [24]  512 	mov	b,r6
      0000BB 12r00r00         [24]  513 	lcall	__gptrget
      0000BE FA               [12]  514 	mov	r2,a
      0000BF A3               [24]  515 	inc	dptr
      0000C0 12r00r00         [24]  516 	lcall	__gptrget
      0000C3 FF               [12]  517 	mov	r7,a
      0000C4 EA               [12]  518 	mov	a,r2
      0000C5 2A               [12]  519 	add	a,r2
      0000C6 FA               [12]  520 	mov	r2,a
      0000C7 EF               [12]  521 	mov	a,r7
      0000C8 33               [12]  522 	rlc	a
      0000C9 EA               [12]  523 	mov	a,r2
      0000CA 24r03            [12]  524 	add	a,#_seg_seg_65536_11
      0000CC F9               [12]  525 	mov	r1,a
      0000CD E7               [12]  526 	mov	a,@r1
      0000CE F4               [12]  527 	cpl	a
      0000CF F5 A0            [12]  528 	mov	_P2,a
                                    529 ;	timer.c:33: delay();
      0000D1 C0 04            [24]  530 	push	ar4
      0000D3 C0 03            [24]  531 	push	ar3
      0000D5 12r00r00         [24]  532 	lcall	_delay
      0000D8 D0 03            [24]  533 	pop	ar3
      0000DA D0 04            [24]  534 	pop	ar4
                                    535 ;	timer.c:30: for (int i=0; i<4; i++){ 
      0000DC 0B               [12]  536 	inc	r3
      0000DD BB 00 A8         [24]  537 	cjne	r3,#0x00,00103$
      0000E0 0C               [12]  538 	inc	r4
      0000E1 80 A5            [24]  539 	sjmp	00103$
      0000E3                        540 00105$:
                                    541 ;	timer.c:35: }
      0000E3 22               [24]  542 	ret
                                    543 ;------------------------------------------------------------
                                    544 ;Allocation info for local variables in function 'init'
                                    545 ;------------------------------------------------------------
                                    546 ;	timer.c:36: void init(){
                                    547 ;	-----------------------------------------
                                    548 ;	 function init
                                    549 ;	-----------------------------------------
      0000E4                        550 _init:
                                    551 ;	timer.c:37: TMOD = 0x01; //mode 1 
      0000E4 75 89 01         [24]  552 	mov	_TMOD,#0x01
                                    553 ;	timer.c:38: TH0 =  period >> 8;
      0000E7 75 8C 3C         [24]  554 	mov	_TH0,#0x3c
                                    555 ;	timer.c:39: TL0 =  period & 0xff;
      0000EA 75 8A B0         [24]  556 	mov	_TL0,#0xb0
                                    557 ;	timer.c:40: EA=1;  //interrupt enable
                                    558 ;	assignBit
      0000ED D2 AF            [12]  559 	setb	_EA
                                    560 ;	timer.c:41:     ET0=1; //timer0 interrupt enable
                                    561 ;	assignBit
      0000EF D2 A9            [12]  562 	setb	_ET0
                                    563 ;	timer.c:42:     TR0=1;  //timer0 start
                                    564 ;	assignBit
      0000F1 D2 8C            [12]  565 	setb	_TR0
                                    566 ;	timer.c:43: }
      0000F3 22               [24]  567 	ret
                                    568 ;------------------------------------------------------------
                                    569 ;Allocation info for local variables in function 'main'
                                    570 ;------------------------------------------------------------
                                    571 ;four                      Allocated with name '_main_four_65536_15'
                                    572 ;time                      Allocated to registers r6 r7 
                                    573 ;------------------------------------------------------------
                                    574 ;	timer.c:45: int main(){
                                    575 ;	-----------------------------------------
                                    576 ;	 function main
                                    577 ;	-----------------------------------------
      0000F4                        578 _main:
                                    579 ;	timer.c:47: int time=0;
      0000F4 7E 00            [12]  580 	mov	r6,#0x00
      0000F6 7F 00            [12]  581 	mov	r7,#0x00
                                    582 ;	timer.c:49: init();
      0000F8 C0 07            [24]  583 	push	ar7
      0000FA C0 06            [24]  584 	push	ar6
      0000FC 12r00rE4         [24]  585 	lcall	_init
      0000FF D0 06            [24]  586 	pop	ar6
      000101 D0 07            [24]  587 	pop	ar7
                                    588 ;	timer.c:50: while(1){
      000103                        589 00106$:
                                    590 ;	timer.c:51: if (bInc){
                                    591 ;	timer.c:52: bInc = 0;
                                    592 ;	assignBit
      000103 10*00 02         [24]  593 	jbc	_bInc,00122$
      000106 80 05            [24]  594 	sjmp	00102$
      000108                        595 00122$:
                                    596 ;	timer.c:53: time++;
      000108 0E               [12]  597 	inc	r6
      000109 BE 00 01         [24]  598 	cjne	r6,#0x00,00123$
      00010C 0F               [12]  599 	inc	r7
      00010D                        600 00123$:
      00010D                        601 00102$:
                                    602 ;	timer.c:55: if(time > max){
      00010D C3               [12]  603 	clr	c
      00010E 74 0F            [12]  604 	mov	a,#0x0f
      000110 9E               [12]  605 	subb	a,r6
      000111 74 A7            [12]  606 	mov	a,#(0x27 ^ 0x80)
      000113 8F F0            [24]  607 	mov	b,r7
      000115 63 F0 80         [24]  608 	xrl	b,#0x80
      000118 95 F0            [12]  609 	subb	a,b
      00011A 50 04            [24]  610 	jnc	00104$
                                    611 ;	timer.c:56: time=0;
      00011C 7E 00            [12]  612 	mov	r6,#0x00
      00011E 7F 00            [12]  613 	mov	r7,#0x00
      000120                        614 00104$:
                                    615 ;	timer.c:58: four[0] = (time/1000)%10; 
      000120 75*00 E8         [24]  616 	mov	__divsint_PARM_2,#0xe8
      000123 75*01 03         [24]  617 	mov	(__divsint_PARM_2 + 1),#0x03
      000126 8E 82            [24]  618 	mov	dpl,r6
      000128 8F 83            [24]  619 	mov	dph,r7
      00012A C0 07            [24]  620 	push	ar7
      00012C C0 06            [24]  621 	push	ar6
      00012E 12r00r00         [24]  622 	lcall	__divsint
      000131 75*00 0A         [24]  623 	mov	__modsint_PARM_2,#0x0a
      000134 75*01 00         [24]  624 	mov	(__modsint_PARM_2 + 1),#0x00
      000137 12r00r00         [24]  625 	lcall	__modsint
      00013A E5 82            [12]  626 	mov	a,dpl
      00013C 85 83 F0         [24]  627 	mov	b,dph
      00013F D0 06            [24]  628 	pop	ar6
      000141 D0 07            [24]  629 	pop	ar7
      000143 F5*17            [12]  630 	mov	(_main_four_65536_15 + 0),a
      000145 85 F0*18         [24]  631 	mov	(_main_four_65536_15 + 1),b
                                    632 ;	timer.c:59: four[1] = (time/100)%10; 
      000148 75*00 64         [24]  633 	mov	__divsint_PARM_2,#0x64
      00014B 75*01 00         [24]  634 	mov	(__divsint_PARM_2 + 1),#0x00
      00014E 8E 82            [24]  635 	mov	dpl,r6
      000150 8F 83            [24]  636 	mov	dph,r7
      000152 C0 07            [24]  637 	push	ar7
      000154 C0 06            [24]  638 	push	ar6
      000156 12r00r00         [24]  639 	lcall	__divsint
      000159 75*00 0A         [24]  640 	mov	__modsint_PARM_2,#0x0a
      00015C 75*01 00         [24]  641 	mov	(__modsint_PARM_2 + 1),#0x00
      00015F 12r00r00         [24]  642 	lcall	__modsint
      000162 E5 82            [12]  643 	mov	a,dpl
      000164 85 83 F0         [24]  644 	mov	b,dph
      000167 D0 06            [24]  645 	pop	ar6
      000169 D0 07            [24]  646 	pop	ar7
      00016B F5*19            [12]  647 	mov	((_main_four_65536_15 + 0x0002) + 0),a
      00016D 85 F0*1A         [24]  648 	mov	((_main_four_65536_15 + 0x0002) + 1),b
                                    649 ;	timer.c:60: four[2] = (time/10)%10; 
      000170 75*00 0A         [24]  650 	mov	__divsint_PARM_2,#0x0a
      000173 75*01 00         [24]  651 	mov	(__divsint_PARM_2 + 1),#0x00
      000176 8E 82            [24]  652 	mov	dpl,r6
      000178 8F 83            [24]  653 	mov	dph,r7
      00017A C0 07            [24]  654 	push	ar7
      00017C C0 06            [24]  655 	push	ar6
      00017E 12r00r00         [24]  656 	lcall	__divsint
      000181 75*00 0A         [24]  657 	mov	__modsint_PARM_2,#0x0a
      000184 75*01 00         [24]  658 	mov	(__modsint_PARM_2 + 1),#0x00
      000187 12r00r00         [24]  659 	lcall	__modsint
      00018A E5 82            [12]  660 	mov	a,dpl
      00018C 85 83 F0         [24]  661 	mov	b,dph
      00018F D0 06            [24]  662 	pop	ar6
      000191 D0 07            [24]  663 	pop	ar7
      000193 F5*1B            [12]  664 	mov	((_main_four_65536_15 + 0x0004) + 0),a
      000195 85 F0*1C         [24]  665 	mov	((_main_four_65536_15 + 0x0004) + 1),b
                                    666 ;	timer.c:61: four[3] = time%10;
      000198 75*00 0A         [24]  667 	mov	__modsint_PARM_2,#0x0a
      00019B 75*01 00         [24]  668 	mov	(__modsint_PARM_2 + 1),#0x00
      00019E 8E 82            [24]  669 	mov	dpl,r6
      0001A0 8F 83            [24]  670 	mov	dph,r7
      0001A2 C0 07            [24]  671 	push	ar7
      0001A4 C0 06            [24]  672 	push	ar6
      0001A6 12r00r00         [24]  673 	lcall	__modsint
      0001A9 E5 82            [12]  674 	mov	a,dpl
      0001AB 85 83 F0         [24]  675 	mov	b,dph
      0001AE F5*1D            [12]  676 	mov	((_main_four_65536_15 + 0x0006) + 0),a
      0001B0 85 F0*1E         [24]  677 	mov	((_main_four_65536_15 + 0x0006) + 1),b
                                    678 ;	timer.c:62: seg(four);
      0001B3 90r00r17         [24]  679 	mov	dptr,#_main_four_65536_15
      0001B6 75 F0 40         [24]  680 	mov	b,#0x40
      0001B9 12r00r3F         [24]  681 	lcall	_seg
      0001BC D0 06            [24]  682 	pop	ar6
      0001BE D0 07            [24]  683 	pop	ar7
                                    684 ;	timer.c:64: }
      0001C0 02r01r03         [24]  685 	ljmp	00106$
                                    686 	.area CSEG    (CODE)
                                    687 	.area CONST   (CODE)
                                    688 	.area XINIT   (CODE)
                                    689 	.area CABS    (ABS,CODE)
